WorkId,System_ItemUrl,System_Search_GatherTime
673,"iehistory://{S-1-5-21-29705265-400737687-482427116-1001}","2023-02-09T13:33:48.1099497Z"
674,"iehistory://{S-1-5-21-29705265-400737687-482427116-1001}/http://go.microsoft.com/fwlink/p/?LinkId=255142","2023-02-09T13:33:50.5322545Z","2023-02-09T02:02:12.5537228Z","2023-02-09T02:02:12.5537228Z","2023-02-08T18:02:12.5530000Z","http://go.microsoft.com/fwlink/p/?LinkId=255142"
1056,"iehistory://{S-1-5-21-29705265-400737687-482427116-1001}/https://www.msn.com/?ocid=iehp","2023-02-13T22:12:16.5742942Z","2023-02-13T22:07:01.7515855Z","2023-02-13T22:07:01.7515855Z","2023-02-13T14:07:01.7510000Z","https://www.msn.com/?ocid=iehp","MSN | Outlook, Office, Skype, Bing, Breaking News, and Latest Videos"
1057,"iehistory://{S-1-5-21-29705265-400737687-482427116-1001}/https://ie11fre.microsoft.com/v2/en-us/index.html","2023-02-13T13:53:01.8898207Z","2023-02-13T13:52:39.1712534Z","2023-02-13T13:52:39.1712534Z","2023-02-13T05:52:39.1710000Z","https://ie11fre.microsoft.com/v2/en-us/index.html",
1058,"iehistory://{S-1-5-21-29705265-400737687-482427116-1001}/https://browserdefaults.microsoft.com/EnhanceEdge/?co=0&pc=EE16","2023-02-13T13:53:01.8898207Z","2023-02-13T13:52:42.5537598Z","2023-02-13T13:52:42.5537598Z","2023-02-13T05:52:42.5530000Z","https://browserdefaults.microsoft.com/EnhanceEdge/?co=0&pc=EE16","Optimize your web browsing"
1059,"iehistory://{S-1-5-21-29705265-400737687-482427116-1001}/https://www.bing.com/search?q=thissitewillwerebefrom.com&src=IE-SearchBox&FORM=IESR4A","2023-02-13T13:53:01.8898207Z","2023-02-13T13:52:52.9907711Z","2023-02-13T13:52:52.9907711Z","2023-02-13T05:52:52.9900000Z","https://www.bing.com/search?q=thissitewillwerebefrom.com&src=IE-SearchBox&FORM=IESR4A",
1060,"iehistory://{S-1-5-21-29705265-400737687-482427116-1001}/https://support.microsoft.com/en-us/microsoft-edge/this-website-doesn-t-work-in-internet-explorer-8f5fc675-cd47-414c-9535-12821ddfc554?ui=en-us&rs=en-us&ad=us","2023-02-13T22:19:02.8084311Z","2023-02-13T22:17:22.4482016Z","2023-02-13T22:17:22.4482016Z","2023-02-13T14:17:22.4480000Z","https://support.microsoft.com/en-us/microsoft-edge/this-website-doesn-t-work-in-internet-explorer-8f5fc675-cd47-414c-9535-12821ddfc554?ui=en-us&rs=en-us&ad=us","This website doesn't work in Internet Explorer - Microsoft Support"
1180,"iehistory://{S-1-5-21-29705265-400737687-482427116-1001}/https://www.bing.com/search?q=thisnotavalidwebsite.com&src=IE-SearchBox&FORM=IESR4A","2023-02-13T22:12:15.8563303Z","2023-02-13T22:09:27.2140632Z","2023-02-13T22:09:27.2140632Z","2023-02-13T14:09:27.2140000Z","https://www.bing.com/search?q=thisnotavalidwebsite.com&src=IE-SearchBox&FORM=IESR4A",
