{"WorkId":176,"System_Search_GatherTime":133190728856860317,"System_ItemFolderPathDisplay":"C:\\Users\\fisft\\Favorites","System_ItemPathDisplay":"C:\\Users\\fisft\\Favorites\\Bing.url","System_ItemUrl":"file:C:/Users/fisft/Favorites/Bing.url","System_FileOwner":"DESKTOP-O47KVAD\\fisft","System_Link_TargetUrlHostName":"go.microsoft","System_Link_TargetUrlPath":"/fwlink/p/?LinkId=255142","System_DateImported":"2023-01-24T22:25:41.2554419Z","System_Link_TargetParsingPath":"http://go.microsoft.com/fwlink/p/?LinkId=255142","System_ItemDate":"2023-01-24T22:25:41.2554419Z","System_Link_TargetUrl":"http://go.microsoft.com/fwlink/p/?LinkId=255142","System_ThumbnailCacheId":210717730211356222,"System_Search_Store":"file","System_ItemFolderNameDisplay":"Favorites","System_ItemTypeText":"Internet Shortcut","System_Title":"Bing","System_ItemNameDisplay":"Bing.url","System_FileExtension":".url","System_Size":208,"System_DateModified":"2023-01-24T22:25:41.2554419Z","System_Document_DateCreated":"2023-01-24T22:25:41.2554419Z","System_DateCreated":"2023-01-24T22:25:41.2396691Z","System_Document_DateSaved":"2023-01-24T22:25:41.2554419Z","System_DateAccessed":"2023-01-24T22:25:41.2554419Z","System_ItemName":"Bing.url","System_KindText":"Link","System_ItemFolderPathDisplayNarrow":"Favorites (C:\\Users\\fisft)","System_ItemNameDisplayWithoutExtension":"Bing","System_ComputerName":"go.microsoft.com","System_ItemPathDisplayNarrow":"Bing (C:\\Users\\fisft\\Favorites)","System_ItemType":".url","System_FileName":"Bing.url","System_ParsingName":"Bing.url"}
{"WorkId":872,"System_Search_GatherTime":133195980456136854,"System_ItemFolderPathDisplay":"\\\\{S-1-5-21-4268361623-692440835-3372367631-1001}\\LS\\Desktop\\Microsoft Edge\\stable\\Default\\RecentlyClosed","System_ItemPathDisplay":"\\\\{S-1-5-21-4268361623-692440835-3372367631-1001}\\LS\\Desktop\\Microsoft Edge\\stable\\Default\\RecentlyClosed\\5","System_ItemUrl":"winrt://{S-1-5-21-4268361623-692440835-3372367631-1001}/LS/Desktop/Microsoft Edge/stable/Default/RecentlyClosed/5","System_ItemDate":"2023-01-31T00:20:45.5899880Z","System_Link_TargetUrl":"https://www.bing.com/search?q=ipchicked&cvid=2d1f6b61cd5941dbb056d0cf07e40fba&aqs=edge..69i57j0l8.3260j0j7&FORM=ANNTA0&PC=U531","System_Search_Store":"winrt","System_ItemFolderNameDisplay":"RecentlyClosed","System_Title":"ipchicked - Search","System_ItemNameDisplay":"5","System_DateCreated":"2023-01-31T00:20:45.5899880Z","System_ItemName":"5","System_ItemFolderPathDisplayNarrow":"RecentlyClosed (\\\\{S-1-5-21-4268361623-692440835-3372367631-1001}\\LS\\Desktop\\Microsoft Edge\\stable\\Default)","System_AppUserModel_PackageFamilyName":"Desktop_RuntimeBroker.exe_Microsoft Edge/stable/Default/RecentlyClosed","System_ItemPathDisplayNarrow":"5 (\\\\{S-1-5-21-4268361623-692440835-3372367631-1001}\\LS\\Desktop\\Microsoft Edge\\stable\\Default\\RecentlyClosed)"}
{"WorkId":879,"System_Search_GatherTime":133195980456292664,"System_ItemFolderPathDisplay":"\\\\{S-1-5-21-4268361623-692440835-3372367631-1001}\\LS\\Desktop\\Microsoft Edge\\stable\\Default\\RecentlyClosed","System_ItemPathDisplay":"\\\\{S-1-5-21-4268361623-692440835-3372367631-1001}\\LS\\Desktop\\Microsoft Edge\\stable\\Default\\RecentlyClosed\\4","System_ItemUrl":"winrt://{S-1-5-21-4268361623-692440835-3372367631-1001}/LS/Desktop/Microsoft Edge/stable/Default/RecentlyClosed/4","System_ItemDate":"2023-01-31T00:20:45.5900390Z","System_Link_TargetUrl":"https://ipchicken.com/","System_Search_Store":"winrt","System_ItemFolderNameDisplay":"RecentlyClosed","System_Title":"IP Chicken - What is my IP address? Free public IP lookup.","System_ItemNameDisplay":"4","System_DateCreated":"2023-01-31T00:20:45.5900390Z","System_ItemName":"4","System_ItemFolderPathDisplayNarrow":"RecentlyClosed (\\\\{S-1-5-21-4268361623-692440835-3372367631-1001}\\LS\\Desktop\\Microsoft Edge\\stable\\Default)","System_AppUserModel_PackageFamilyName":"Desktop_RuntimeBroker.exe_Microsoft Edge/stable/Default/RecentlyClosed","System_ItemPathDisplayNarrow":"4 (\\\\{S-1-5-21-4268361623-692440835-3372367631-1001}\\LS\\Desktop\\Microsoft Edge\\stable\\Default\\RecentlyClosed)"}
{"WorkId":880,"System_Search_GatherTime":133195980456136854,"System_ItemFolderPathDisplay":"\\\\{S-1-5-21-4268361623-692440835-3372367631-1001}\\LS\\Desktop\\Microsoft Edge\\stable\\Default\\QuickLinks","System_ItemPathDisplay":"\\\\{S-1-5-21-4268361623-692440835-3372367631-1001}\\LS\\Desktop\\Microsoft Edge\\stable\\Default\\QuickLinks\\2","System_ItemUrl":"winrt://{S-1-5-21-4268361623-692440835-3372367631-1001}/LS/Desktop/Microsoft Edge/stable/Default/QuickLinks/2","System_ItemDate":"2023-01-31T00:20:45.5823210Z","System_Link_TargetUrl":"https://www.office.com/","System_Search_Store":"winrt","System_ItemFolderNameDisplay":"QuickLinks","System_Title":"Office","System_ItemNameDisplay":"2","System_DateCreated":"2023-01-31T00:20:45.5823210Z","System_ItemName":"2","System_ItemFolderPathDisplayNarrow":"QuickLinks (\\\\{S-1-5-21-4268361623-692440835-3372367631-1001}\\LS\\Desktop\\Microsoft Edge\\stable\\Default)","System_AppUserModel_PackageFamilyName":"Desktop_RuntimeBroker.exe_Microsoft Edge/stable/Default/QuickLinks","System_ItemPathDisplayNarrow":"2 (\\\\{S-1-5-21-4268361623-692440835-3372367631-1001}\\LS\\Desktop\\Microsoft Edge\\stable\\Default\\QuickLinks)"}
{"WorkId":881,"System_Search_GatherTime":133195980456292664,"System_ItemFolderPathDisplay":"\\\\{S-1-5-21-4268361623-692440835-3372367631-1001}\\LS\\Desktop\\Microsoft Edge\\stable\\Default\\RecentlyClosed","System_ItemPathDisplay":"\\\\{S-1-5-21-4268361623-692440835-3372367631-1001}\\LS\\Desktop\\Microsoft Edge\\stable\\Default\\RecentlyClosed\\3","System_ItemUrl":"winrt://{S-1-5-21-4268361623-692440835-3372367631-1001}/LS/Desktop/Microsoft Edge/stable/Default/RecentlyClosed/3","System_ItemDate":"2023-01-31T00:20:45.5900460Z","System_Link_TargetUrl":"https://badsite.com/","System_Search_Store":"winrt","System_ItemFolderNameDisplay":"RecentlyClosed","System_Title":"badsite.com","System_ItemNameDisplay":"3","System_DateCreated":"2023-01-31T00:20:45.5900460Z","System_ItemName":"3","System_ItemFolderPathDisplayNarrow":"RecentlyClosed (\\\\{S-1-5-21-4268361623-692440835-3372367631-1001}\\LS\\Desktop\\Microsoft Edge\\stable\\Default)","System_AppUserModel_PackageFamilyName":"Desktop_RuntimeBroker.exe_Microsoft Edge/stable/Default/RecentlyClosed","System_ItemPathDisplayNarrow":"3 (\\\\{S-1-5-21-4268361623-692440835-3372367631-1001}\\LS\\Desktop\\Microsoft Edge\\stable\\Default\\RecentlyClosed)"}
{"WorkId":882,"System_Search_GatherTime":133195980456292664,"System_ItemFolderPathDisplay":"\\\\{S-1-5-21-4268361623-692440835-3372367631-1001}\\LS\\Desktop\\Microsoft Edge\\stable\\Default\\QuickLinks","System_ItemPathDisplay":"\\\\{S-1-5-21-4268361623-692440835-3372367631-1001}\\LS\\Desktop\\Microsoft Edge\\stable\\Default\\QuickLinks\\1","System_ItemUrl":"winrt://{S-1-5-21-4268361623-692440835-3372367631-1001}/LS/Desktop/Microsoft Edge/stable/Default/QuickLinks/1","System_ItemDate":"2023-01-31T00:20:45.5823360Z","System_Link_TargetUrl":"http://ipchicken.com/","System_Search_Store":"winrt","System_ItemFolderNameDisplay":"QuickLinks","System_Title":"IP Chicken","System_ItemNameDisplay":"1","System_DateCreated":"2023-01-31T00:20:45.5823360Z","System_ItemName":"1","System_ItemFolderPathDisplayNarrow":"QuickLinks (\\\\{S-1-5-21-4268361623-692440835-3372367631-1001}\\LS\\Desktop\\Microsoft Edge\\stable\\Default)","System_AppUserModel_PackageFamilyName":"Desktop_RuntimeBroker.exe_Microsoft Edge/stable/Default/QuickLinks","System_ItemPathDisplayNarrow":"1 (\\\\{S-1-5-21-4268361623-692440835-3372367631-1001}\\LS\\Desktop\\Microsoft Edge\\stable\\Default\\QuickLinks)"}
{"WorkId":884,"System_Search_GatherTime":133195980456450306,"System_ItemFolderPathDisplay":"\\\\{S-1-5-21-4268361623-692440835-3372367631-1001}\\LS\\Desktop\\Microsoft Edge\\stable\\Default\\RecentlyClosed","System_ItemPathDisplay":"\\\\{S-1-5-21-4268361623-692440835-3372367631-1001}\\LS\\Desktop\\Microsoft Edge\\stable\\Default\\RecentlyClosed\\1","System_ItemUrl":"winrt://{S-1-5-21-4268361623-692440835-3372367631-1001}/LS/Desktop/Microsoft Edge/stable/Default/RecentlyClosed/1","System_ItemDate":"2023-01-31T00:20:45.5900750Z","System_Link_TargetUrl":"https://www.bing.com/search?q=install+google&cvid=a4fecd867eef4660adb3011ac674f6ba&aqs=edge..69i57.2496j0j4&FORM=ANAB01&PC=U531","System_Search_Store":"winrt","System_ItemFolderNameDisplay":"RecentlyClosed","System_Title":"www.bing.com","System_ItemNameDisplay":"1","System_DateCreated":"2023-01-31T00:20:45.5900750Z","System_ItemName":"1","System_ItemFolderPathDisplayNarrow":"RecentlyClosed (\\\\{S-1-5-21-4268361623-692440835-3372367631-1001}\\LS\\Desktop\\Microsoft Edge\\stable\\Default)","System_AppUserModel_PackageFamilyName":"Desktop_RuntimeBroker.exe_Microsoft Edge/stable/Default/RecentlyClosed","System_ItemPathDisplayNarrow":"1 (\\\\{S-1-5-21-4268361623-692440835-3372367631-1001}\\LS\\Desktop\\Microsoft Edge\\stable\\Default\\RecentlyClosed)"}
{"WorkId":957,"System_Search_GatherTime":133195938506482685,"System_ItemFolderPathDisplay":"\\\\{S-1-5-21-4268361623-692440835-3372367631-1001}\\LS\\Desktop\\Microsoft Edge\\stable\\Default\\History","System_ItemPathDisplay":"\\\\{S-1-5-21-4268361623-692440835-3372367631-1001}\\LS\\Desktop\\Microsoft Edge\\stable\\Default\\History\\9","System_ItemUrl":"winrt://{S-1-5-21-4268361623-692440835-3372367631-1001}/LS/Desktop/Microsoft Edge/stable/Default/History/9","System_ItemDate":"2023-01-30T23:10:50.3419250Z","System_Link_TargetUrl":"https://ipchicken.com/","System_Search_Store":"winrt","System_Link_DateVisited":"2023-01-25T19:26:45.4757900Z","System_ItemFolderNameDisplay":"History","System_Title":"IP Chicken - What is my IP address? Free public IP lookup.","System_ItemNameDisplay":"9","System_DateCreated":"2023-01-30T23:10:50.3419250Z","System_ItemName":"9","System_ItemFolderPathDisplayNarrow":"History (\\\\{S-1-5-21-4268361623-692440835-3372367631-1001}\\LS\\Desktop\\Microsoft Edge\\stable\\Default)","System_AppUserModel_PackageFamilyName":"Desktop_RuntimeBroker.exe_Microsoft Edge/stable/Default/History","System_ItemPathDisplayNarrow":"9 (\\\\{S-1-5-21-4268361623-692440835-3372367631-1001}\\LS\\Desktop\\Microsoft Edge\\stable\\Default\\History)"}
{"WorkId":958,"System_Search_GatherTime":133195938511308593,"System_ItemFolderPathDisplay":"\\\\{S-1-5-21-4268361623-692440835-3372367631-1001}\\LS\\Desktop\\Microsoft Edge\\stable\\Default\\History","System_ItemPathDisplay":"\\\\{S-1-5-21-4268361623-692440835-3372367631-1001}\\LS\\Desktop\\Microsoft Edge\\stable\\Default\\History\\7","System_ItemUrl":"winrt://{S-1-5-21-4268361623-692440835-3372367631-1001}/LS/Desktop/Microsoft Edge/stable/Default/History/7","System_ItemDate":"2023-01-30T23:10:50.3419340Z","System_Link_TargetUrl":"https://www.bing.com/search?q=ipchicked&cvid=2d1f6b61cd5941dbb056d0cf07e40fba&aqs=edge..69i57j0l8.3260j0j7&FORM=ANNTA0&PC=U531","System_Search_Store":"winrt","System_Link_DateVisited":"2023-01-25T19:26:31.4864920Z","System_ItemFolderNameDisplay":"History","System_Title":"ipchicked - Search","System_ItemNameDisplay":"7","System_DateCreated":"2023-01-30T23:10:50.3419340Z","System_ItemName":"7","System_ItemFolderPathDisplayNarrow":"History (\\\\{S-1-5-21-4268361623-692440835-3372367631-1001}\\LS\\Desktop\\Microsoft Edge\\stable\\Default)","System_AppUserModel_PackageFamilyName":"Desktop_RuntimeBroker.exe_Microsoft Edge/stable/Default/History","System_ItemPathDisplayNarrow":"7 (\\\\{S-1-5-21-4268361623-692440835-3372367631-1001}\\LS\\Desktop\\Microsoft Edge\\stable\\Default\\History)"}
{"WorkId":960,"System_Search_GatherTime":133195938512593075,"System_ItemFolderPathDisplay":"\\\\{S-1-5-21-4268361623-692440835-3372367631-1001}\\LS\\Desktop\\Microsoft Edge\\stable\\Default\\History","System_ItemPathDisplay":"\\\\{S-1-5-21-4268361623-692440835-3372367631-1001}\\LS\\Desktop\\Microsoft Edge\\stable\\Default\\History\\1","System_ItemUrl":"winrt://{S-1-5-21-4268361623-692440835-3372367631-1001}/LS/Desktop/Microsoft Edge/stable/Default/History/1","System_ItemDate":"2023-01-30T23:10:50.3419540Z","System_Link_TargetUrl":"https://account.live.com/Email/Confirm?mkt=EN-US&uiflavor=windesktop&client_id=1E0000480728C5&id=281053&lmif=20&oru=https://ssl.live.com&ru=https://login.live.com/oauth20_authorize.srf%3fuaid%3dfde5a9a8a13245b2a66621e48ddc8235%26client_id%3d00000000480728C5%26opid%3dA41B589FE40D6D60%26mkt%3dEN-US%26opidt%3d1674599259","System_Search_Store":"winrt","System_Link_DateVisited":"2023-01-24T22:27:40.0210030Z","System_ItemFolderNameDisplay":"History","System_ItemNameDisplay":"1","System_DateCreated":"2023-01-30T23:10:50.3419540Z","System_ItemName":"1","System_ItemFolderPathDisplayNarrow":"History (\\\\{S-1-5-21-4268361623-692440835-3372367631-1001}\\LS\\Desktop\\Microsoft Edge\\stable\\Default)","System_AppUserModel_PackageFamilyName":"Desktop_RuntimeBroker.exe_Microsoft Edge/stable/Default/History","System_ItemPathDisplayNarrow":"1 (\\\\{S-1-5-21-4268361623-692440835-3372367631-1001}\\LS\\Desktop\\Microsoft Edge\\stable\\Default\\History)"}
{"WorkId":961,"System_Search_GatherTime":133195938513225731,"System_ItemFolderPathDisplay":"\\\\{S-1-5-21-4268361623-692440835-3372367631-1001}\\LS\\Desktop\\Microsoft Edge\\stable\\Default\\History","System_ItemPathDisplay":"\\\\{S-1-5-21-4268361623-692440835-3372367631-1001}\\LS\\Desktop\\Microsoft Edge\\stable\\Default\\History\\4","System_ItemUrl":"winrt://{S-1-5-21-4268361623-692440835-3372367631-1001}/LS/Desktop/Microsoft Edge/stable/Default/History/4","System_ItemDate":"2023-01-30T23:10:50.3419640Z","System_Link_TargetUrl":"https://login.live.com/oauth20_authorize.srf?client_id=00000000480728C5&scope=service::ssl.live.com::MBI_SSL&response_type=token&display=windesktop&theme=win7&lc=1033&redirect_uri=https://login.live.com/oauth20_desktop.srf&lw=1&fl=wld2","System_Search_Store":"winrt","System_Link_DateVisited":"2023-01-24T22:27:40.0051420Z","System_ItemFolderNameDisplay":"History","System_Title":"Continue","System_ItemNameDisplay":"4","System_DateCreated":"2023-01-30T23:10:50.3419640Z","System_ItemName":"4","System_ItemFolderPathDisplayNarrow":"History (\\\\{S-1-5-21-4268361623-692440835-3372367631-1001}\\LS\\Desktop\\Microsoft Edge\\stable\\Default)","System_AppUserModel_PackageFamilyName":"Desktop_RuntimeBroker.exe_Microsoft Edge/stable/Default/History","System_ItemPathDisplayNarrow":"4 (\\\\{S-1-5-21-4268361623-692440835-3372367631-1001}\\LS\\Desktop\\Microsoft Edge\\stable\\Default\\History)"}
{"WorkId":962,"System_Search_GatherTime":133195938513859408,"System_ItemFolderPathDisplay":"\\\\{S-1-5-21-4268361623-692440835-3372367631-1001}\\LS\\Desktop\\Microsoft Edge\\stable\\Default\\History","System_ItemPathDisplay":"\\\\{S-1-5-21-4268361623-692440835-3372367631-1001}\\LS\\Desktop\\Microsoft Edge\\stable\\Default\\History\\3","System_ItemUrl":"winrt://{S-1-5-21-4268361623-692440835-3372367631-1001}/LS/Desktop/Microsoft Edge/stable/Default/History/3","System_ItemDate":"2023-01-30T23:10:50.3419700Z","System_Link_TargetUrl":"https://login.live.com/oauth20_desktop.srf?lc=1033","System_Search_Store":"winrt","System_Link_DateVisited":"2023-01-24T22:27:39.7723490Z","System_ItemFolderNameDisplay":"History","System_ItemNameDisplay":"3","System_DateCreated":"2023-01-30T23:10:50.3419700Z","System_ItemName":"3","System_ItemFolderPathDisplayNarrow":"History (\\\\{S-1-5-21-4268361623-692440835-3372367631-1001}\\LS\\Desktop\\Microsoft Edge\\stable\\Default)","System_AppUserModel_PackageFamilyName":"Desktop_RuntimeBroker.exe_Microsoft Edge/stable/Default/History","System_ItemPathDisplayNarrow":"3 (\\\\{S-1-5-21-4268361623-692440835-3372367631-1001}\\LS\\Desktop\\Microsoft Edge\\stable\\Default\\History)"}
{"WorkId":965,"System_Search_GatherTime":133195975946177531,"System_ItemFolderPathDisplay":"\\\\{S-1-5-21-4268361623-692440835-3372367631-1001}\\LS\\Desktop\\Microsoft Edge\\stable\\Default\\History","System_ItemPathDisplay":"\\\\{S-1-5-21-4268361623-692440835-3372367631-1001}\\LS\\Desktop\\Microsoft Edge\\stable\\Default\\History\\13","System_ItemUrl":"winrt://{S-1-5-21-4268361623-692440835-3372367631-1001}/LS/Desktop/Microsoft Edge/stable/Default/History/13","System_ItemDate":"2023-01-31T00:09:57.9956330Z","System_Link_TargetUrl":"https://www.bing.com/search?q=install+chrome&cvid=2ce0f71581824fda82398075bb250924&aqs=edge.0.0j69i57j0l7.2774j0j7&FORM=ANNTA0&PC=U531","System_Search_Store":"winrt","System_Link_DateVisited":"2023-01-31T00:09:47.9728980Z","System_ItemFolderNameDisplay":"History","System_ItemNameDisplay":"13","System_DateCreated":"2023-01-31T00:09:57.9956330Z","System_ItemName":"13","System_ItemFolderPathDisplayNarrow":"History (\\\\{S-1-5-21-4268361623-692440835-3372367631-1001}\\LS\\Desktop\\Microsoft Edge\\stable\\Default)","System_AppUserModel_PackageFamilyName":"Desktop_RuntimeBroker.exe_Microsoft Edge/stable/Default/History","System_ItemPathDisplayNarrow":"13 (\\\\{S-1-5-21-4268361623-692440835-3372367631-1001}\\LS\\Desktop\\Microsoft Edge\\stable\\Default\\History)"}

