{"WorkId":176,"System.Search.GatherTime":133190728856860317,"System.ItemFolderPathDisplay":"C:\\Users\\fisft\\Favorites","System.ItemPathDisplay":"C:\\Users\\fisft\\Favorites\\Bing.url","System.ItemUrl":"file:C:/Users/fisft/Favorites/Bing.url","System.FileOwner":"DESKTOP-O47KVAD\\fisft","System.Link.TargetUrlHostName":"go.microsoft","System.Link.TargetUrlPath":"/fwlink/p/?LinkId=255142","System.DateImported":"2023-01-24T22:25:41.2554419Z","System.Link.TargetParsingPath":"http://go.microsoft.com/fwlink/p/?LinkId=255142","System.ItemDate":"2023-01-24T22:25:41.2554419Z","System.Link.TargetUrl":"http://go.microsoft.com/fwlink/p/?LinkId=255142","System.ThumbnailCacheId":210717730211356222,"System.Search.Store":"file","System.ItemFolderNameDisplay":"Favorites","System.ItemTypeText":"Internet Shortcut","System.Title":"Bing","System.ItemNameDisplay":"Bing.url","System.FileExtension":".url","System.Size":208,"System.DateModified":"2023-01-24T22:25:41.2554419Z","System.Document.DateCreated":"2023-01-24T22:25:41.2554419Z","System.DateCreated":"2023-01-24T22:25:41.2396691Z","System.Document.DateSaved":"2023-01-24T22:25:41.2554419Z","System.DateAccessed":"2023-01-24T22:25:41.2554419Z","System.ItemName":"Bing.url","System.KindText":"Link","System.ItemFolderPathDisplayNarrow":"Favorites (C:\\Users\\fisft)","System.ItemNameDisplayWithoutExtension":"Bing","System.ComputerName":"go.microsoft.com","System.ItemPathDisplayNarrow":"Bing (C:\\Users\\fisft\\Favorites)","System.ItemType":".url","System.FileName":"Bing.url","System.ParsingName":"Bing.url"}
{"WorkId":872,"System.Search.GatherTime":133195980456136854,"System.ItemFolderPathDisplay":"\\\\{S-1-5-21-4268361623-692440835-3372367631-1001}\\LS\\Desktop\\Microsoft Edge\\stable\\Default\\RecentlyClosed","System.ItemPathDisplay":"\\\\{S-1-5-21-4268361623-692440835-3372367631-1001}\\LS\\Desktop\\Microsoft Edge\\stable\\Default\\RecentlyClosed\\5","System.ItemUrl":"winrt://{S-1-5-21-4268361623-692440835-3372367631-1001}/LS/Desktop/Microsoft Edge/stable/Default/RecentlyClosed/5","System.ItemDate":"2023-01-31T00:20:45.5899880Z","System.Link.TargetUrl":"https://www.bing.com/search?q=ipchicked&cvid=2d1f6b61cd5941dbb056d0cf07e40fba&aqs=edge..69i57j0l8.3260j0j7&FORM=ANNTA0&PC=U531","System.Search.Store":"winrt","System.ItemFolderNameDisplay":"RecentlyClosed","System.Title":"ipchicked - Search","System.ItemNameDisplay":"5","System.DateCreated":"2023-01-31T00:20:45.5899880Z","System.ItemName":"5","System.ItemFolderPathDisplayNarrow":"RecentlyClosed (\\\\{S-1-5-21-4268361623-692440835-3372367631-1001}\\LS\\Desktop\\Microsoft Edge\\stable\\Default)","System.AppUserModel.PackageFamilyName":"Desktop_RuntimeBroker.exe_Microsoft Edge/stable/Default/RecentlyClosed","System.ItemPathDisplayNarrow":"5 (\\\\{S-1-5-21-4268361623-692440835-3372367631-1001}\\LS\\Desktop\\Microsoft Edge\\stable\\Default\\RecentlyClosed)"}
{"WorkId":879,"System.Search.GatherTime":133195980456292664,"System.ItemFolderPathDisplay":"\\\\{S-1-5-21-4268361623-692440835-3372367631-1001}\\LS\\Desktop\\Microsoft Edge\\stable\\Default\\RecentlyClosed","System.ItemPathDisplay":"\\\\{S-1-5-21-4268361623-692440835-3372367631-1001}\\LS\\Desktop\\Microsoft Edge\\stable\\Default\\RecentlyClosed\\4","System.ItemUrl":"winrt://{S-1-5-21-4268361623-692440835-3372367631-1001}/LS/Desktop/Microsoft Edge/stable/Default/RecentlyClosed/4","System.ItemDate":"2023-01-31T00:20:45.5900390Z","System.Link.TargetUrl":"https://ipchicken.com/","System.Search.Store":"winrt","System.ItemFolderNameDisplay":"RecentlyClosed","System.Title":"IP Chicken - What is my IP address? Free public IP lookup.","System.ItemNameDisplay":"4","System.DateCreated":"2023-01-31T00:20:45.5900390Z","System.ItemName":"4","System.ItemFolderPathDisplayNarrow":"RecentlyClosed (\\\\{S-1-5-21-4268361623-692440835-3372367631-1001}\\LS\\Desktop\\Microsoft Edge\\stable\\Default)","System.AppUserModel.PackageFamilyName":"Desktop_RuntimeBroker.exe_Microsoft Edge/stable/Default/RecentlyClosed","System.ItemPathDisplayNarrow":"4 (\\\\{S-1-5-21-4268361623-692440835-3372367631-1001}\\LS\\Desktop\\Microsoft Edge\\stable\\Default\\RecentlyClosed)"}
{"WorkId":880,"System.Search.GatherTime":133195980456136854,"System.ItemFolderPathDisplay":"\\\\{S-1-5-21-4268361623-692440835-3372367631-1001}\\LS\\Desktop\\Microsoft Edge\\stable\\Default\\QuickLinks","System.ItemPathDisplay":"\\\\{S-1-5-21-4268361623-692440835-3372367631-1001}\\LS\\Desktop\\Microsoft Edge\\stable\\Default\\QuickLinks\\2","System.ItemUrl":"winrt://{S-1-5-21-4268361623-692440835-3372367631-1001}/LS/Desktop/Microsoft Edge/stable/Default/QuickLinks/2","System.ItemDate":"2023-01-31T00:20:45.5823210Z","System.Link.TargetUrl":"https://www.office.com/","System.Search.Store":"winrt","System.ItemFolderNameDisplay":"QuickLinks","System.Title":"Office","System.ItemNameDisplay":"2","System.DateCreated":"2023-01-31T00:20:45.5823210Z","System.ItemName":"2","System.ItemFolderPathDisplayNarrow":"QuickLinks (\\\\{S-1-5-21-4268361623-692440835-3372367631-1001}\\LS\\Desktop\\Microsoft Edge\\stable\\Default)","System.AppUserModel.PackageFamilyName":"Desktop_RuntimeBroker.exe_Microsoft Edge/stable/Default/QuickLinks","System.ItemPathDisplayNarrow":"2 (\\\\{S-1-5-21-4268361623-692440835-3372367631-1001}\\LS\\Desktop\\Microsoft Edge\\stable\\Default\\QuickLinks)"}
{"WorkId":881,"System.Search.GatherTime":133195980456292664,"System.ItemFolderPathDisplay":"\\\\{S-1-5-21-4268361623-692440835-3372367631-1001}\\LS\\Desktop\\Microsoft Edge\\stable\\Default\\RecentlyClosed","System.ItemPathDisplay":"\\\\{S-1-5-21-4268361623-692440835-3372367631-1001}\\LS\\Desktop\\Microsoft Edge\\stable\\Default\\RecentlyClosed\\3","System.ItemUrl":"winrt://{S-1-5-21-4268361623-692440835-3372367631-1001}/LS/Desktop/Microsoft Edge/stable/Default/RecentlyClosed/3","System.ItemDate":"2023-01-31T00:20:45.5900460Z","System.Link.TargetUrl":"https://badsite.com/","System.Search.Store":"winrt","System.ItemFolderNameDisplay":"RecentlyClosed","System.Title":"badsite.com","System.ItemNameDisplay":"3","System.DateCreated":"2023-01-31T00:20:45.5900460Z","System.ItemName":"3","System.ItemFolderPathDisplayNarrow":"RecentlyClosed (\\\\{S-1-5-21-4268361623-692440835-3372367631-1001}\\LS\\Desktop\\Microsoft Edge\\stable\\Default)","System.AppUserModel.PackageFamilyName":"Desktop_RuntimeBroker.exe_Microsoft Edge/stable/Default/RecentlyClosed","System.ItemPathDisplayNarrow":"3 (\\\\{S-1-5-21-4268361623-692440835-3372367631-1001}\\LS\\Desktop\\Microsoft Edge\\stable\\Default\\RecentlyClosed)"}
{"WorkId":882,"System.Search.GatherTime":133195980456292664,"System.ItemFolderPathDisplay":"\\\\{S-1-5-21-4268361623-692440835-3372367631-1001}\\LS\\Desktop\\Microsoft Edge\\stable\\Default\\QuickLinks","System.ItemPathDisplay":"\\\\{S-1-5-21-4268361623-692440835-3372367631-1001}\\LS\\Desktop\\Microsoft Edge\\stable\\Default\\QuickLinks\\1","System.ItemUrl":"winrt://{S-1-5-21-4268361623-692440835-3372367631-1001}/LS/Desktop/Microsoft Edge/stable/Default/QuickLinks/1","System.ItemDate":"2023-01-31T00:20:45.5823360Z","System.Link.TargetUrl":"http://ipchicken.com/","System.Search.Store":"winrt","System.ItemFolderNameDisplay":"QuickLinks","System.Title":"IP Chicken","System.ItemNameDisplay":"1","System.DateCreated":"2023-01-31T00:20:45.5823360Z","System.ItemName":"1","System.ItemFolderPathDisplayNarrow":"QuickLinks (\\\\{S-1-5-21-4268361623-692440835-3372367631-1001}\\LS\\Desktop\\Microsoft Edge\\stable\\Default)","System.AppUserModel.PackageFamilyName":"Desktop_RuntimeBroker.exe_Microsoft Edge/stable/Default/QuickLinks","System.ItemPathDisplayNarrow":"1 (\\\\{S-1-5-21-4268361623-692440835-3372367631-1001}\\LS\\Desktop\\Microsoft Edge\\stable\\Default\\QuickLinks)"}
{"WorkId":884,"System.Search.GatherTime":133195980456450306,"System.ItemFolderPathDisplay":"\\\\{S-1-5-21-4268361623-692440835-3372367631-1001}\\LS\\Desktop\\Microsoft Edge\\stable\\Default\\RecentlyClosed","System.ItemPathDisplay":"\\\\{S-1-5-21-4268361623-692440835-3372367631-1001}\\LS\\Desktop\\Microsoft Edge\\stable\\Default\\RecentlyClosed\\1","System.ItemUrl":"winrt://{S-1-5-21-4268361623-692440835-3372367631-1001}/LS/Desktop/Microsoft Edge/stable/Default/RecentlyClosed/1","System.ItemDate":"2023-01-31T00:20:45.5900750Z","System.Link.TargetUrl":"https://www.bing.com/search?q=install+google&cvid=a4fecd867eef4660adb3011ac674f6ba&aqs=edge..69i57.2496j0j4&FORM=ANAB01&PC=U531","System.Search.Store":"winrt","System.ItemFolderNameDisplay":"RecentlyClosed","System.Title":"www.bing.com","System.ItemNameDisplay":"1","System.DateCreated":"2023-01-31T00:20:45.5900750Z","System.ItemName":"1","System.ItemFolderPathDisplayNarrow":"RecentlyClosed (\\\\{S-1-5-21-4268361623-692440835-3372367631-1001}\\LS\\Desktop\\Microsoft Edge\\stable\\Default)","System.AppUserModel.PackageFamilyName":"Desktop_RuntimeBroker.exe_Microsoft Edge/stable/Default/RecentlyClosed","System.ItemPathDisplayNarrow":"1 (\\\\{S-1-5-21-4268361623-692440835-3372367631-1001}\\LS\\Desktop\\Microsoft Edge\\stable\\Default\\RecentlyClosed)"}
{"WorkId":957,"System.Search.GatherTime":133195938506482685,"System.ItemFolderPathDisplay":"\\\\{S-1-5-21-4268361623-692440835-3372367631-1001}\\LS\\Desktop\\Microsoft Edge\\stable\\Default\\History","System.ItemPathDisplay":"\\\\{S-1-5-21-4268361623-692440835-3372367631-1001}\\LS\\Desktop\\Microsoft Edge\\stable\\Default\\History\\9","System.ItemUrl":"winrt://{S-1-5-21-4268361623-692440835-3372367631-1001}/LS/Desktop/Microsoft Edge/stable/Default/History/9","System.ItemDate":"2023-01-30T23:10:50.3419250Z","System.Link.TargetUrl":"https://ipchicken.com/","System.Search.Store":"winrt","System.Link.DateVisited":"2023-01-25T19:26:45.4757900Z","System.ItemFolderNameDisplay":"History","System.Title":"IP Chicken - What is my IP address? Free public IP lookup.","System.ItemNameDisplay":"9","System.DateCreated":"2023-01-30T23:10:50.3419250Z","System.ItemName":"9","System.ItemFolderPathDisplayNarrow":"History (\\\\{S-1-5-21-4268361623-692440835-3372367631-1001}\\LS\\Desktop\\Microsoft Edge\\stable\\Default)","System.AppUserModel.PackageFamilyName":"Desktop_RuntimeBroker.exe_Microsoft Edge/stable/Default/History","System.ItemPathDisplayNarrow":"9 (\\\\{S-1-5-21-4268361623-692440835-3372367631-1001}\\LS\\Desktop\\Microsoft Edge\\stable\\Default\\History)"}
{"WorkId":958,"System.Search.GatherTime":133195938511308593,"System.ItemFolderPathDisplay":"\\\\{S-1-5-21-4268361623-692440835-3372367631-1001}\\LS\\Desktop\\Microsoft Edge\\stable\\Default\\History","System.ItemPathDisplay":"\\\\{S-1-5-21-4268361623-692440835-3372367631-1001}\\LS\\Desktop\\Microsoft Edge\\stable\\Default\\History\\7","System.ItemUrl":"winrt://{S-1-5-21-4268361623-692440835-3372367631-1001}/LS/Desktop/Microsoft Edge/stable/Default/History/7","System.ItemDate":"2023-01-30T23:10:50.3419340Z","System.Link.TargetUrl":"https://www.bing.com/search?q=ipchicked&cvid=2d1f6b61cd5941dbb056d0cf07e40fba&aqs=edge..69i57j0l8.3260j0j7&FORM=ANNTA0&PC=U531","System.Search.Store":"winrt","System.Link.DateVisited":"2023-01-25T19:26:31.4864920Z","System.ItemFolderNameDisplay":"History","System.Title":"ipchicked - Search","System.ItemNameDisplay":"7","System.DateCreated":"2023-01-30T23:10:50.3419340Z","System.ItemName":"7","System.ItemFolderPathDisplayNarrow":"History (\\\\{S-1-5-21-4268361623-692440835-3372367631-1001}\\LS\\Desktop\\Microsoft Edge\\stable\\Default)","System.AppUserModel.PackageFamilyName":"Desktop_RuntimeBroker.exe_Microsoft Edge/stable/Default/History","System.ItemPathDisplayNarrow":"7 (\\\\{S-1-5-21-4268361623-692440835-3372367631-1001}\\LS\\Desktop\\Microsoft Edge\\stable\\Default\\History)"}
{"WorkId":960,"System.Search.GatherTime":133195938512593075,"System.ItemFolderPathDisplay":"\\\\{S-1-5-21-4268361623-692440835-3372367631-1001}\\LS\\Desktop\\Microsoft Edge\\stable\\Default\\History","System.ItemPathDisplay":"\\\\{S-1-5-21-4268361623-692440835-3372367631-1001}\\LS\\Desktop\\Microsoft Edge\\stable\\Default\\History\\1","System.ItemUrl":"winrt://{S-1-5-21-4268361623-692440835-3372367631-1001}/LS/Desktop/Microsoft Edge/stable/Default/History/1","System.ItemDate":"2023-01-30T23:10:50.3419540Z","System.Link.TargetUrl":"https://account.live.com/Email/Confirm?mkt=EN-US&uiflavor=windesktop&client_id=1E0000480728C5&id=281053&lmif=20&oru=https://ssl.live.com&ru=https://login.live.com/oauth20_authorize.srf%3fuaid%3dfde5a9a8a13245b2a66621e48ddc8235%26client_id%3d00000000480728C5%26opid%3dA41B589FE40D6D60%26mkt%3dEN-US%26opidt%3d1674599259","System.Search.Store":"winrt","System.Link.DateVisited":"2023-01-24T22:27:40.0210030Z","System.ItemFolderNameDisplay":"History","System.ItemNameDisplay":"1","System.DateCreated":"2023-01-30T23:10:50.3419540Z","System.ItemName":"1","System.ItemFolderPathDisplayNarrow":"History (\\\\{S-1-5-21-4268361623-692440835-3372367631-1001}\\LS\\Desktop\\Microsoft Edge\\stable\\Default)","System.AppUserModel.PackageFamilyName":"Desktop_RuntimeBroker.exe_Microsoft Edge/stable/Default/History","System.ItemPathDisplayNarrow":"1 (\\\\{S-1-5-21-4268361623-692440835-3372367631-1001}\\LS\\Desktop\\Microsoft Edge\\stable\\Default\\History)"}
{"WorkId":961,"System.Search.GatherTime":133195938513225731,"System.ItemFolderPathDisplay":"\\\\{S-1-5-21-4268361623-692440835-3372367631-1001}\\LS\\Desktop\\Microsoft Edge\\stable\\Default\\History","System.ItemPathDisplay":"\\\\{S-1-5-21-4268361623-692440835-3372367631-1001}\\LS\\Desktop\\Microsoft Edge\\stable\\Default\\History\\4","System.ItemUrl":"winrt://{S-1-5-21-4268361623-692440835-3372367631-1001}/LS/Desktop/Microsoft Edge/stable/Default/History/4","System.ItemDate":"2023-01-30T23:10:50.3419640Z","System.Link.TargetUrl":"https://login.live.com/oauth20_authorize.srf?client_id=00000000480728C5&scope=service::ssl.live.com::MBI_SSL&response_type=token&display=windesktop&theme=win7&lc=1033&redirect_uri=https://login.live.com/oauth20_desktop.srf&lw=1&fl=wld2","System.Search.Store":"winrt","System.Link.DateVisited":"2023-01-24T22:27:40.0051420Z","System.ItemFolderNameDisplay":"History","System.Title":"Continue","System.ItemNameDisplay":"4","System.DateCreated":"2023-01-30T23:10:50.3419640Z","System.ItemName":"4","System.ItemFolderPathDisplayNarrow":"History (\\\\{S-1-5-21-4268361623-692440835-3372367631-1001}\\LS\\Desktop\\Microsoft Edge\\stable\\Default)","System.AppUserModel.PackageFamilyName":"Desktop_RuntimeBroker.exe_Microsoft Edge/stable/Default/History","System.ItemPathDisplayNarrow":"4 (\\\\{S-1-5-21-4268361623-692440835-3372367631-1001}\\LS\\Desktop\\Microsoft Edge\\stable\\Default\\History)"}
{"WorkId":962,"System.Search.GatherTime":133195938513859408,"System.ItemFolderPathDisplay":"\\\\{S-1-5-21-4268361623-692440835-3372367631-1001}\\LS\\Desktop\\Microsoft Edge\\stable\\Default\\History","System.ItemPathDisplay":"\\\\{S-1-5-21-4268361623-692440835-3372367631-1001}\\LS\\Desktop\\Microsoft Edge\\stable\\Default\\History\\3","System.ItemUrl":"winrt://{S-1-5-21-4268361623-692440835-3372367631-1001}/LS/Desktop/Microsoft Edge/stable/Default/History/3","System.ItemDate":"2023-01-30T23:10:50.3419700Z","System.Link.TargetUrl":"https://login.live.com/oauth20_desktop.srf?lc=1033","System.Search.Store":"winrt","System.Link.DateVisited":"2023-01-24T22:27:39.7723490Z","System.ItemFolderNameDisplay":"History","System.ItemNameDisplay":"3","System.DateCreated":"2023-01-30T23:10:50.3419700Z","System.ItemName":"3","System.ItemFolderPathDisplayNarrow":"History (\\\\{S-1-5-21-4268361623-692440835-3372367631-1001}\\LS\\Desktop\\Microsoft Edge\\stable\\Default)","System.AppUserModel.PackageFamilyName":"Desktop_RuntimeBroker.exe_Microsoft Edge/stable/Default/History","System.ItemPathDisplayNarrow":"3 (\\\\{S-1-5-21-4268361623-692440835-3372367631-1001}\\LS\\Desktop\\Microsoft Edge\\stable\\Default\\History)"}
{"WorkId":965,"System.Search.GatherTime":133195975946177531,"System.ItemFolderPathDisplay":"\\\\{S-1-5-21-4268361623-692440835-3372367631-1001}\\LS\\Desktop\\Microsoft Edge\\stable\\Default\\History","System.ItemPathDisplay":"\\\\{S-1-5-21-4268361623-692440835-3372367631-1001}\\LS\\Desktop\\Microsoft Edge\\stable\\Default\\History\\13","System.ItemUrl":"winrt://{S-1-5-21-4268361623-692440835-3372367631-1001}/LS/Desktop/Microsoft Edge/stable/Default/History/13","System.ItemDate":"2023-01-31T00:09:57.9956330Z","System.Link.TargetUrl":"https://www.bing.com/search?q=install+chrome&cvid=2ce0f71581824fda82398075bb250924&aqs=edge.0.0j69i57j0l7.2774j0j7&FORM=ANNTA0&PC=U531","System.Search.Store":"winrt","System.Link.DateVisited":"2023-01-31T00:09:47.9728980Z","System.ItemFolderNameDisplay":"History","System.ItemNameDisplay":"13","System.DateCreated":"2023-01-31T00:09:57.9956330Z","System.ItemName":"13","System.ItemFolderPathDisplayNarrow":"History (\\\\{S-1-5-21-4268361623-692440835-3372367631-1001}\\LS\\Desktop\\Microsoft Edge\\stable\\Default)","System.AppUserModel.PackageFamilyName":"Desktop_RuntimeBroker.exe_Microsoft Edge/stable/Default/History","System.ItemPathDisplayNarrow":"13 (\\\\{S-1-5-21-4268361623-692440835-3372367631-1001}\\LS\\Desktop\\Microsoft Edge\\stable\\Default\\History)"}

