WorkId,System_Search_GatherTime,System_ItemFolderPathDisplay,System_ItemPathDisplay,System_ItemUrl,System_FileOwner,System_Link_TargetUrlHostName,System_Link_TargetUrlPath,System_DateImported,System_Link_TargetParsingPath,System_ItemDate,System_Link_TargetUrl,System_ThumbnailCacheId,System_Search_Store,System_ItemFolderNameDisplay,System_ItemTypeText,System_Title,System_ItemNameDisplay,System_FileExtension,System_Size,System_DateModified,System_Document_DateCreated,System_DateCreated,System_Document_DateSaved,System_DateAccessed,System_ItemName,System_KindText,System_ItemFolderPathDisplayNarrow,System_ItemNameDisplayWithoutExtension,System_ComputerName,System_ItemPathDisplayNarrow,System_ItemType,System_FileName,System_ParsingName
176,133190728856860317,"C:\Users\fisft\Favorites","C:\Users\fisft\Favorites\Bing.url","file:C:/Users/fisft/Favorites/Bing.url","DESKTOP-O47KVAD\fisft","go.microsoft","/fwlink/p/?LinkId=255142","2023-01-24T22:25:41.2554419Z","http://go.microsoft.com/fwlink/p/?LinkId=255142","2023-01-24T22:25:41.2554419Z","http://go.microsoft.com/fwlink/p/?LinkId=255142",210717730211356222,"file","Favorites","Internet Shortcut","Bing","Bing.url",".url",208,"2023-01-24T22:25:41.2554419Z","2023-01-24T22:25:41.2554419Z","2023-01-24T22:25:41.2396691Z","2023-01-24T22:25:41.2554419Z","2023-01-24T22:25:41.2554419Z","Bing.url","Link","Favorites (C:\Users\fisft)","Bing","go.microsoft.com","Bing (C:\Users\fisft\Favorites)",".url","Bing.url","Bing.url"
872,133195980456136854,"\\{S-1-5-21-4268361623-692440835-3372367631-1001}\LS\Desktop\Microsoft Edge\stable\Default\RecentlyClosed","\\{S-1-5-21-4268361623-692440835-3372367631-1001}\LS\Desktop\Microsoft Edge\stable\Default\RecentlyClosed\5","winrt://{S-1-5-21-4268361623-692440835-3372367631-1001}/LS/Desktop/Microsoft Edge/stable/Default/RecentlyClosed/5",,,,,,"2023-01-31T00:20:45.5899880Z","https://www.bing.com/search?q=ipchicked&cvid=2d1f6b61cd5941dbb056d0cf07e40fba&aqs=edge..69i57j0l8.3260j0j7&FORM=ANNTA0&PC=U531",,"winrt","RecentlyClosed",,"ipchicked - Search","5",,,,,"2023-01-31T00:20:45.5899880Z",,,"5",,"RecentlyClosed (\\{S-1-5-21-4268361623-692440835-3372367631-1001}\LS\Desktop\Microsoft Edge\stable\Default)",,,"5 (\\{S-1-5-21-4268361623-692440835-3372367631-1001}\LS\Desktop\Microsoft Edge\stable\Default\RecentlyClosed)",,,,"Desktop_RuntimeBroker.exe_Microsoft Edge/stable/Default/RecentlyClosed"
879,133195980456292664,"\\{S-1-5-21-4268361623-692440835-3372367631-1001}\LS\Desktop\Microsoft Edge\stable\Default\RecentlyClosed","\\{S-1-5-21-4268361623-692440835-3372367631-1001}\LS\Desktop\Microsoft Edge\stable\Default\RecentlyClosed\4","winrt://{S-1-5-21-4268361623-692440835-3372367631-1001}/LS/Desktop/Microsoft Edge/stable/Default/RecentlyClosed/4",,,,,,"2023-01-31T00:20:45.5900390Z","https://ipchicken.com/",,"winrt","RecentlyClosed",,"IP Chicken - What is my IP address? Free public IP lookup.","4",,,,,"2023-01-31T00:20:45.5900390Z",,,"4",,"RecentlyClosed (\\{S-1-5-21-4268361623-692440835-3372367631-1001}\LS\Desktop\Microsoft Edge\stable\Default)",,,"4 (\\{S-1-5-21-4268361623-692440835-3372367631-1001}\LS\Desktop\Microsoft Edge\stable\Default\RecentlyClosed)",,,,"Desktop_RuntimeBroker.exe_Microsoft Edge/stable/Default/RecentlyClosed"
880,133195980456136854,"\\{S-1-5-21-4268361623-692440835-3372367631-1001}\LS\Desktop\Microsoft Edge\stable\Default\QuickLinks","\\{S-1-5-21-4268361623-692440835-3372367631-1001}\LS\Desktop\Microsoft Edge\stable\Default\QuickLinks\2","winrt://{S-1-5-21-4268361623-692440835-3372367631-1001}/LS/Desktop/Microsoft Edge/stable/Default/QuickLinks/2",,,,,,"2023-01-31T00:20:45.5823210Z","https://www.office.com/",,"winrt","QuickLinks",,"Office","2",,,,,"2023-01-31T00:20:45.5823210Z",,,"2",,"QuickLinks (\\{S-1-5-21-4268361623-692440835-3372367631-1001}\LS\Desktop\Microsoft Edge\stable\Default)",,,"2 (\\{S-1-5-21-4268361623-692440835-3372367631-1001}\LS\Desktop\Microsoft Edge\stable\Default\QuickLinks)",,,,"Desktop_RuntimeBroker.exe_Microsoft Edge/stable/Default/QuickLinks"
881,133195980456292664,"\\{S-1-5-21-4268361623-692440835-3372367631-1001}\LS\Desktop\Microsoft Edge\stable\Default\RecentlyClosed","\\{S-1-5-21-4268361623-692440835-3372367631-1001}\LS\Desktop\Microsoft Edge\stable\Default\RecentlyClosed\3","winrt://{S-1-5-21-4268361623-692440835-3372367631-1001}/LS/Desktop/Microsoft Edge/stable/Default/RecentlyClosed/3",,,,,,"2023-01-31T00:20:45.5900460Z","https://badsite.com/",,"winrt","RecentlyClosed",,"badsite.com","3",,,,,"2023-01-31T00:20:45.5900460Z",,,"3",,"RecentlyClosed (\\{S-1-5-21-4268361623-692440835-3372367631-1001}\LS\Desktop\Microsoft Edge\stable\Default)",,,"3 (\\{S-1-5-21-4268361623-692440835-3372367631-1001}\LS\Desktop\Microsoft Edge\stable\Default\RecentlyClosed)",,,,"Desktop_RuntimeBroker.exe_Microsoft Edge/stable/Default/RecentlyClosed"
882,133195980456292664,"\\{S-1-5-21-4268361623-692440835-3372367631-1001}\LS\Desktop\Microsoft Edge\stable\Default\QuickLinks","\\{S-1-5-21-4268361623-692440835-3372367631-1001}\LS\Desktop\Microsoft Edge\stable\Default\QuickLinks\1","winrt://{S-1-5-21-4268361623-692440835-3372367631-1001}/LS/Desktop/Microsoft Edge/stable/Default/QuickLinks/1",,,,,,"2023-01-31T00:20:45.5823360Z","http://ipchicken.com/",,"winrt","QuickLinks",,"IP Chicken","1",,,,,"2023-01-31T00:20:45.5823360Z",,,"1",,"QuickLinks (\\{S-1-5-21-4268361623-692440835-3372367631-1001}\LS\Desktop\Microsoft Edge\stable\Default)",,,"1 (\\{S-1-5-21-4268361623-692440835-3372367631-1001}\LS\Desktop\Microsoft Edge\stable\Default\QuickLinks)",,,,"Desktop_RuntimeBroker.exe_Microsoft Edge/stable/Default/QuickLinks"
884,133195980456450306,"\\{S-1-5-21-4268361623-692440835-3372367631-1001}\LS\Desktop\Microsoft Edge\stable\Default\RecentlyClosed","\\{S-1-5-21-4268361623-692440835-3372367631-1001}\LS\Desktop\Microsoft Edge\stable\Default\RecentlyClosed\1","winrt://{S-1-5-21-4268361623-692440835-3372367631-1001}/LS/Desktop/Microsoft Edge/stable/Default/RecentlyClosed/1",,,,,,"2023-01-31T00:20:45.5900750Z","https://www.bing.com/search?q=install+google&cvid=a4fecd867eef4660adb3011ac674f6ba&aqs=edge..69i57.2496j0j4&FORM=ANAB01&PC=U531",,"winrt","RecentlyClosed",,"www.bing.com","1",,,,,"2023-01-31T00:20:45.5900750Z",,,"1",,"RecentlyClosed (\\{S-1-5-21-4268361623-692440835-3372367631-1001}\LS\Desktop\Microsoft Edge\stable\Default)",,,"1 (\\{S-1-5-21-4268361623-692440835-3372367631-1001}\LS\Desktop\Microsoft Edge\stable\Default\RecentlyClosed)",,,,"Desktop_RuntimeBroker.exe_Microsoft Edge/stable/Default/RecentlyClosed"
957,133195938506482685,"\\{S-1-5-21-4268361623-692440835-3372367631-1001}\LS\Desktop\Microsoft Edge\stable\Default\History","\\{S-1-5-21-4268361623-692440835-3372367631-1001}\LS\Desktop\Microsoft Edge\stable\Default\History\9","winrt://{S-1-5-21-4268361623-692440835-3372367631-1001}/LS/Desktop/Microsoft Edge/stable/Default/History/9",,,,,,"2023-01-30T23:10:50.3419250Z","https://ipchicken.com/",,"winrt","History",,"IP Chicken - What is my IP address? Free public IP lookup.","9",,,,,"2023-01-30T23:10:50.3419250Z",,,"9",,"History (\\{S-1-5-21-4268361623-692440835-3372367631-1001}\LS\Desktop\Microsoft Edge\stable\Default)",,,"9 (\\{S-1-5-21-4268361623-692440835-3372367631-1001}\LS\Desktop\Microsoft Edge\stable\Default\History)",,,,"Desktop_RuntimeBroker.exe_Microsoft Edge/stable/Default/History","2023-01-25T19:26:45.4757900Z"
958,133195938511308593,"\\{S-1-5-21-4268361623-692440835-3372367631-1001}\LS\Desktop\Microsoft Edge\stable\Default\History","\\{S-1-5-21-4268361623-692440835-3372367631-1001}\LS\Desktop\Microsoft Edge\stable\Default\History\7","winrt://{S-1-5-21-4268361623-692440835-3372367631-1001}/LS/Desktop/Microsoft Edge/stable/Default/History/7",,,,,,"2023-01-30T23:10:50.3419340Z","https://www.bing.com/search?q=ipchicked&cvid=2d1f6b61cd5941dbb056d0cf07e40fba&aqs=edge..69i57j0l8.3260j0j7&FORM=ANNTA0&PC=U531",,"winrt","History",,"ipchicked - Search","7",,,,,"2023-01-30T23:10:50.3419340Z",,,"7",,"History (\\{S-1-5-21-4268361623-692440835-3372367631-1001}\LS\Desktop\Microsoft Edge\stable\Default)",,,"7 (\\{S-1-5-21-4268361623-692440835-3372367631-1001}\LS\Desktop\Microsoft Edge\stable\Default\History)",,,,"Desktop_RuntimeBroker.exe_Microsoft Edge/stable/Default/History","2023-01-25T19:26:31.4864920Z"
960,133195938512593075,"\\{S-1-5-21-4268361623-692440835-3372367631-1001}\LS\Desktop\Microsoft Edge\stable\Default\History","\\{S-1-5-21-4268361623-692440835-3372367631-1001}\LS\Desktop\Microsoft Edge\stable\Default\History\1","winrt://{S-1-5-21-4268361623-692440835-3372367631-1001}/LS/Desktop/Microsoft Edge/stable/Default/History/1",,,,,,"2023-01-30T23:10:50.3419540Z","https://account.live.com/Email/Confirm?mkt=EN-US&uiflavor=windesktop&client_id=1E0000480728C5&id=281053&lmif=20&oru=https://ssl.live.com&ru=https://login.live.com/oauth20_authorize.srf%3fuaid%3dfde5a9a8a13245b2a66621e48ddc8235%26client_id%3d00000000480728C5%26opid%3dA41B589FE40D6D60%26mkt%3dEN-US%26opidt%3d1674599259",,"winrt","History",,,"1",,,,,"2023-01-30T23:10:50.3419540Z",,,"1",,"History (\\{S-1-5-21-4268361623-692440835-3372367631-1001}\LS\Desktop\Microsoft Edge\stable\Default)",,,"1 (\\{S-1-5-21-4268361623-692440835-3372367631-1001}\LS\Desktop\Microsoft Edge\stable\Default\History)",,,,"Desktop_RuntimeBroker.exe_Microsoft Edge/stable/Default/History","2023-01-24T22:27:40.0210030Z"
961,133195938513225731,"\\{S-1-5-21-4268361623-692440835-3372367631-1001}\LS\Desktop\Microsoft Edge\stable\Default\History","\\{S-1-5-21-4268361623-692440835-3372367631-1001}\LS\Desktop\Microsoft Edge\stable\Default\History\4","winrt://{S-1-5-21-4268361623-692440835-3372367631-1001}/LS/Desktop/Microsoft Edge/stable/Default/History/4",,,,,,"2023-01-30T23:10:50.3419640Z","https://login.live.com/oauth20_authorize.srf?client_id=00000000480728C5&scope=service::ssl.live.com::MBI_SSL&response_type=token&display=windesktop&theme=win7&lc=1033&redirect_uri=https://login.live.com/oauth20_desktop.srf&lw=1&fl=wld2",,"winrt","History",,"Continue","4",,,,,"2023-01-30T23:10:50.3419640Z",,,"4",,"History (\\{S-1-5-21-4268361623-692440835-3372367631-1001}\LS\Desktop\Microsoft Edge\stable\Default)",,,"4 (\\{S-1-5-21-4268361623-692440835-3372367631-1001}\LS\Desktop\Microsoft Edge\stable\Default\History)",,,,"Desktop_RuntimeBroker.exe_Microsoft Edge/stable/Default/History","2023-01-24T22:27:40.0051420Z"
962,133195938513859408,"\\{S-1-5-21-4268361623-692440835-3372367631-1001}\LS\Desktop\Microsoft Edge\stable\Default\History","\\{S-1-5-21-4268361623-692440835-3372367631-1001}\LS\Desktop\Microsoft Edge\stable\Default\History\3","winrt://{S-1-5-21-4268361623-692440835-3372367631-1001}/LS/Desktop/Microsoft Edge/stable/Default/History/3",,,,,,"2023-01-30T23:10:50.3419700Z","https://login.live.com/oauth20_desktop.srf?lc=1033",,"winrt","History",,,"3",,,,,"2023-01-30T23:10:50.3419700Z",,,"3",,"History (\\{S-1-5-21-4268361623-692440835-3372367631-1001}\LS\Desktop\Microsoft Edge\stable\Default)",,,"3 (\\{S-1-5-21-4268361623-692440835-3372367631-1001}\LS\Desktop\Microsoft Edge\stable\Default\History)",,,,"Desktop_RuntimeBroker.exe_Microsoft Edge/stable/Default/History","2023-01-24T22:27:39.7723490Z"
965,133195975946177531,"\\{S-1-5-21-4268361623-692440835-3372367631-1001}\LS\Desktop\Microsoft Edge\stable\Default\History","\\{S-1-5-21-4268361623-692440835-3372367631-1001}\LS\Desktop\Microsoft Edge\stable\Default\History\13","winrt://{S-1-5-21-4268361623-692440835-3372367631-1001}/LS/Desktop/Microsoft Edge/stable/Default/History/13",,,,,,"2023-01-31T00:09:57.9956330Z","https://www.bing.com/search?q=install+chrome&cvid=2ce0f71581824fda82398075bb250924&aqs=edge.0.0j69i57j0l7.2774j0j7&FORM=ANNTA0&PC=U531",,"winrt","History",,,"13",,,,,"2023-01-31T00:09:57.9956330Z",,,"13",,"History (\\{S-1-5-21-4268361623-692440835-3372367631-1001}\LS\Desktop\Microsoft Edge\stable\Default)",,,"13 (\\{S-1-5-21-4268361623-692440835-3372367631-1001}\LS\Desktop\Microsoft Edge\stable\Default\History)",,,,"Desktop_RuntimeBroker.exe_Microsoft Edge/stable/Default/History","2023-01-31T00:09:47.9728980Z"
